To honour the JVM settings for this build a single-use Daemon process will be forked. For more on this, please refer to https://docs.gradle.org/8.10.2/userguide/gradle_daemon.html#sec:disabling_the_daemon in the Gradle documentation.
Daemon will be stopped at the end of the build 
> Task :createMinecraftArtifacts UP-TO-DATE

> Task :compileJava
.\gradlew.bat : C:\Users\diamo\.gemini\antigravity\scratch\chunkbychunk-neoforge-1.21.1\src\main\java\xyz\immortius\chu
nkbychunk\common\util\ChangeDimensionHelper.java:5: error: cannot find symbol
At line:1 char:1
+ .\gradlew.bat classes > build_errors.txt 2>&1
+ ~~~~~~~~~~~~~~~~~~~~~~~~~~~~~~~~~~~~~~~~~~~~~
    + CategoryInfo          : NotSpecified: (C:\Users\diamo\...not find symbol:String) [], RemoteException
    + FullyQualifiedErrorId : NativeCommandError
 
import net.minecraft.world.level.portal.PortalInfo;
                                       ^
  symbol:   class PortalInfo
  location: package net.minecraft.world.level.portal
C:\Users\diamo\.gemini\antigravity\scratch\chunkbychunk-neoforge-1.21.1\src\main\java\xyz\immortius\chunkbychunk\common
\util\ChangeDimensionHelper.java:12: error: cannot find symbol
    private static final ThreadLocal<PortalInfo> portalInfo = new ThreadLocal<>();
                                     ^
  symbol:   class PortalInfo
  location: class ChangeDimensionHelper
C:\Users\diamo\.gemini\antigravity\scratch\chunkbychunk-neoforge-1.21.1\src\main\java\xyz\immortius\chunkbychunk\common
\util\ChangeDimensionHelper.java:18: error: cannot find symbol
    public static PortalInfo getPortalInfo() {
                  ^
  symbol:   class PortalInfo
  location: class ChangeDimensionHelper
C:\Users\diamo\.gemini\antigravity\scratch\chunkbychunk-neoforge-1.21.1\src\main\java\xyz\immortius\chunkbychunk\common
\util\ChangeDimensionHelper.java:22: error: cannot find symbol
    public static Entity changeDimension(Entity entity, ServerLevel level, PortalInfo info) {
                                                                           ^
  symbol:   class PortalInfo
  location: class ChangeDimensionHelper
C:\Users\diamo\.gemini\antigravity\scratch\chunkbychunk-neoforge-1.21.1\src\main\java\xyz\immortius\chunkbychunk\mixins
\EntityChangeDimensionMixin.java:4: error: cannot find symbol
import net.minecraft.world.level.portal.PortalInfo;
                                       ^
  symbol:   class PortalInfo
  location: package net.minecraft.world.level.portal
C:\Users\diamo\.gemini\antigravity\scratch\chunkbychunk-neoforge-1.21.1\src\main\java\xyz\immortius\chunkbychunk\mixins
\EntityChangeDimensionMixin.java:18: error: cannot find symbol
    private void changeReturnValue(CallbackInfoReturnable<PortalInfo> cir) {
                                                          ^
  symbol:   class PortalInfo
  location: class EntityChangeDimensionMixin
C:\Users\diamo\.gemini\antigravity\scratch\chunkbychunk-neoforge-1.21.1\src\main\java\xyz\immortius\chunkbychunk\neofor
ge\ChunkByChunkClientMod.java:4: error: cannot find symbol
import net.neoforged.neoforge.client.ConfigScreenHandler;
                                    ^
  symbol:   class ConfigScreenHandler
  location: package net.neoforged.neoforge.client
C:\Users\diamo\.gemini\antigravity\scratch\chunkbychunk-neoforge-1.21.1\src\main\java\xyz\immortius\chunkbychunk\neofor
ge\ChunkByChunkMod.java:46: error: cannot find symbol
import net.neoforged.neoforge.network.event.OnGameConfigurationEvent;
                                           ^
  symbol:   class OnGameConfigurationEvent
  location: package net.neoforged.neoforge.network.event
C:\Users\diamo\.gemini\antigravity\scratch\chunkbychunk-neoforge-1.21.1\src\main\java\xyz\immortius\chunkbychunk\neofor
ge\ChunkByChunkMod.java:48: error: cannot find symbol
import net.neoforged.neoforge.network.registration.IPayloadRegistrar;
                                                  ^
  symbol:   class IPayloadRegistrar
  location: package net.neoforged.neoforge.network.registration
C:\Users\diamo\.gemini\antigravity\scratch\chunkbychunk-neoforge-1.21.1\src\main\java\xyz\immortius\chunkbychunk\neofor
ge\ChunkByChunkMod.java:162: error: cannot find symbol
    public void onGameConfiguration(final OnGameConfigurationEvent event) {
                                          ^
  symbol:   class OnGameConfigurationEvent
  location: class ChunkByChunkMod
C:\Users\diamo\.gemini\antigravity\scratch\chunkbychunk-neoforge-1.21.1\src\main\java\xyz\immortius\chunkbychunk\neofor
ge\ChunkByChunkMod.java:193: error: cannot find symbol
    public void registerPayloadHandler(final RegisterPayloadHandlerEvent event) {
                                             ^
  symbol:   class RegisterPayloadHandlerEvent
  location: class ChunkByChunkMod
C:\Users\diamo\.gemini\antigravity\scratch\chunkbychunk-neoforge-1.21.1\src\main\java\xyz\immortius\chunkbychunk\server
\world\ChunkSpawnController.java:25: error: cannot find symbol
import net.minecraft.world.level.chunk.ChunkStatus;
                                      ^
  symbol:   class ChunkStatus
  location: package net.minecraft.world.level.chunk
C:\Users\diamo\.gemini\antigravity\scratch\chunkbychunk-neoforge-1.21.1\src\main\java\xyz\immortius\chunkbychunk\server
\world\ChunkSpawnController.java:29: error: cannot find symbol
import net.minecraft.world.level.portal.PortalInfo;
                                       ^
  symbol:   class PortalInfo
  location: package net.minecraft.world.level.portal
C:\Users\diamo\.gemini\antigravity\scratch\chunkbychunk-neoforge-1.21.1\src\main\java\xyz\immortius\chunkbychunk\server
\world\ChunkSpawnController.java:60: error: cannot find symbol
    private transient CompletableFuture<Either<ChunkAccess, ChunkHolder.ChunkLoadingFailure>> sourceChunkFuture;
                                                                       ^
  symbol:   class ChunkLoadingFailure
  location: class ChunkHolder
C:\Users\diamo\.gemini\antigravity\scratch\chunkbychunk-neoforge-1.21.1\src\main\java\xyz\immortius\chunkbychunk\client
\screens\BedrockChestScreen.java:17: error: constructor ResourceLocation in class ResourceLocation cannot be applied 
to given types;
    private static final ResourceLocation CONTAINER_TEXTURE = new ResourceLocation(ChunkByChunkConstants.MOD_ID + 
":textures/gui/container/bedrockchest.png");
                                                              ^
  required: String,String
  found:    String
  reason: actual and formal argument lists differ in length
C:\Users\diamo\.gemini\antigravity\scratch\chunkbychunk-neoforge-1.21.1\src\main\java\xyz\immortius\chunkbychunk\client
\screens\WorldForgeScreen.java:16: error: constructor ResourceLocation in class ResourceLocation cannot be applied to 
given types;
    public static final ResourceLocation CONTAINER_TEXTURE = new ResourceLocation(ChunkByChunkConstants.MOD_ID + 
":textures/gui/container/worldforge.png");
                                                             ^
  required: String,String
  found:    String
  reason: actual and formal argument lists differ in length
C:\Users\diamo\.gemini\antigravity\scratch\chunkbychunk-neoforge-1.21.1\src\main\java\xyz\immortius\chunkbychunk\client
\screens\WorldMenderScreen.java:17: error: constructor ResourceLocation in class ResourceLocation cannot be applied to 
given types;
    public static final ResourceLocation CONTAINER_TEXTURE = new ResourceLocation(ChunkByChunkConstants.MOD_ID + 
":textures/gui/container/worldmender.png");
                                                             ^
  required: String,String
  found:    String
  reason: actual and formal argument lists differ in length
C:\Users\diamo\.gemini\antigravity\scratch\chunkbychunk-neoforge-1.21.1\src\main\java\xyz\immortius\chunkbychunk\client
\screens\WorldScannerScreen.java:21: error: constructor ResourceLocation in class ResourceLocation cannot be applied 
to given types;
    private static final ResourceLocation CONTAINER_TEXTURE = new ResourceLocation(ChunkByChunkConstants.MOD_ID + 
":textures/gui/container/worldscanner.png");
                                                              ^
  required: String,String
  found:    String
  reason: actual and formal argument lists differ in length
C:\Users\diamo\.gemini\antigravity\scratch\chunkbychunk-neoforge-1.21.1\src\main\java\xyz\immortius\chunkbychunk\client
\screens\WorldScannerScreen.java:108: error: cannot find symbol
        MultiBufferSource.BufferSource buffer = MultiBufferSource.immediate(Tesselator.getInstance().getBuilder());
                                                                                                    ^
  symbol:   method getBuilder()
  location: class Tesselator
C:\Users\diamo\.gemini\antigravity\scratch\chunkbychunk-neoforge-1.21.1\src\main\java\xyz\immortius\chunkbychunk\client
\screens\WorldScannerScreen.java:109: error: incompatible types: String cannot be converted to MapId
        MapItemSavedData mapData = this.minecraft.level.getMapData(menu.getMapKey());
                                                                                 ^
C:\Users\diamo\.gemini\antigravity\scratch\chunkbychunk-neoforge-1.21.1\src\main\java\xyz\immortius\chunkbychunk\client
\screens\WorldScannerScreen.java:111: error: incompatible types: int cannot be converted to MapId
            mapRenderer.render(graphics.pose(), buffer, menu.getMapId(), mapData, true, 0xFFFFFF);
                                                                     ^
C:\Users\diamo\.gemini\antigravity\scratch\chunkbychunk-neoforge-1.21.1\src\main\java\xyz\immortius\chunkbychunk\common
\menus\WorldScannerMenu.java:58: error: cannot find symbol
        return MapItem.makeKey(this.containerData.get(WorldScannerBlockEntity.DATA_MAP));
                      ^
  symbol:   method makeKey(int)
  location: class MapItem
C:\Users\diamo\.gemini\antigravity\scratch\chunkbychunk-neoforge-1.21.1\src\main\java\xyz\immortius\chunkbychunk\common
\blockEntities\BaseFueledBlockEntity.java:86: error: method does not override or implement a method from a supertype
    @Override
    ^
C:\Users\diamo\.gemini\antigravity\scratch\chunkbychunk-neoforge-1.21.1\src\main\java\xyz\immortius\chunkbychunk\common
\blockEntities\BaseFueledBlockEntity.java:88: error: cannot find symbol
        super.load(tag);
             ^
  symbol: method load(CompoundTag)
C:\Users\diamo\.gemini\antigravity\scratch\chunkbychunk-neoforge-1.21.1\src\main\java\xyz\immortius\chunkbychunk\common
\blockEntities\BaseFueledBlockEntity.java:90: error: method loadAllItems in class ContainerHelper cannot be applied to 
given types;
        ContainerHelper.loadAllItems(tag, this.items);
                       ^
  required: CompoundTag,NonNullList<ItemStack>,Provider
  found:    CompoundTag,NonNullList<ItemStack>
  reason: actual and formal argument lists differ in length
C:\Users\diamo\.gemini\antigravity\scratch\chunkbychunk-neoforge-1.21.1\src\main\java\xyz\immortius\chunkbychunk\common
\blockEntities\BaseFueledBlockEntity.java:96: error: method does not override or implement a method from a supertype
    @Override
    ^
C:\Users\diamo\.gemini\antigravity\scratch\chunkbychunk-neoforge-1.21.1\src\main\java\xyz\immortius\chunkbychunk\common
\blockEntities\BaseFueledBlockEntity.java:98: error: method saveAdditional in class BaseContainerBlockEntity cannot be 
applied to given types;
        super.saveAdditional(tag);
             ^
  required: CompoundTag,Provider
  found:    CompoundTag
  reason: actual and formal argument lists differ in length
C:\Users\diamo\.gemini\antigravity\scratch\chunkbychunk-neoforge-1.21.1\src\main\java\xyz\immortius\chunkbychunk\common
\blockEntities\BaseFueledBlockEntity.java:101: error: no suitable method found for 
saveAllItems(CompoundTag,NonNullList<ItemStack>)
        ContainerHelper.saveAllItems(tag, this.items);
                       ^
    method ContainerHelper.saveAllItems(CompoundTag,NonNullList<ItemStack>,Provider) is not applicable
      (actual and formal argument lists differ in length)
    method ContainerHelper.saveAllItems(CompoundTag,NonNullList<ItemStack>,boolean,Provider) is not applicable
      (actual and formal argument lists differ in length)
C:\Users\diamo\.gemini\antigravity\scratch\chunkbychunk-neoforge-1.21.1\src\main\java\xyz\immortius\chunkbychunk\common
\blockEntities\BedrockChestBlockEntity.java:56: error: method does not override or implement a method from a supertype
    @Override
    ^
C:\Users\diamo\.gemini\antigravity\scratch\chunkbychunk-neoforge-1.21.1\src\main\java\xyz\immortius\chunkbychunk\common
\blockEntities\BedrockChestBlockEntity.java:58: error: method saveAdditional in class BaseContainerBlockEntity cannot 
be applied to given types;
        super.saveAdditional(tag);
             ^
  required: CompoundTag,Provider
  found:    CompoundTag
  reason: actual and formal argument lists differ in length
C:\Users\diamo\.gemini\antigravity\scratch\chunkbychunk-neoforge-1.21.1\src\main\java\xyz\immortius\chunkbychunk\common
\blockEntities\BedrockChestBlockEntity.java:60: error: no suitable method found for 
saveAllItems(CompoundTag,NonNullList<ItemStack>)
            ContainerHelper.saveAllItems(tag, this.items);
                           ^
    method ContainerHelper.saveAllItems(CompoundTag,NonNullList<ItemStack>,Provider) is not applicable
      (actual and formal argument lists differ in length)
    method ContainerHelper.saveAllItems(CompoundTag,NonNullList<ItemStack>,boolean,Provider) is not applicable
      (actual and formal argument lists differ in length)
C:\Users\diamo\.gemini\antigravity\scratch\chunkbychunk-neoforge-1.21.1\src\main\java\xyz\immortius\chunkbychunk\common
\blockEntities\BedrockChestBlockEntity.java:64: error: method does not override or implement a method from a supertype
    @Override
    ^
C:\Users\diamo\.gemini\antigravity\scratch\chunkbychunk-neoforge-1.21.1\src\main\java\xyz\immortius\chunkbychunk\common
\blockEntities\BedrockChestBlockEntity.java:66: error: cannot find symbol
        super.load(tag);
             ^
  symbol: method load(CompoundTag)
C:\Users\diamo\.gemini\antigravity\scratch\chunkbychunk-neoforge-1.21.1\src\main\java\xyz\immortius\chunkbychunk\common
\blockEntities\BedrockChestBlockEntity.java:69: error: method loadAllItems in class ContainerHelper cannot be applied 
to given types;
            ContainerHelper.loadAllItems(tag, this.items);
                           ^
  required: CompoundTag,NonNullList<ItemStack>,Provider
  found:    CompoundTag,NonNullList<ItemStack>
  reason: actual and formal argument lists differ in length
C:\Users\diamo\.gemini\antigravity\scratch\chunkbychunk-neoforge-1.21.1\src\main\java\xyz\immortius\chunkbychunk\common
\blockEntities\WorldForgeBlockEntity.java:28: error: WorldForgeBlockEntity is not abstract and does not override 
abstract method setItems(NonNullList<ItemStack>) in BaseContainerBlockEntity
public class WorldForgeBlockEntity extends BaseFueledBlockEntity {
       ^
C:\Users\diamo\.gemini\antigravity\scratch\chunkbychunk-neoforge-1.21.1\src\main\java\xyz\immortius\chunkbychunk\common
\blockEntities\WorldForgeBlockEntity.java:47: error: constructor ResourceLocation in class ResourceLocation cannot be 
applied to given types;
    private static final TagKey<Item> SOIL_FUEL_TAG = TagKey.create(Registries.ITEM, new 
ResourceLocation("chunkbychunk:weakworldforgefuel"));
                                                                                     ^
  required: String,String
  found:    String
  reason: actual and formal argument lists differ in length
C:\Users\diamo\.gemini\antigravity\scratch\chunkbychunk-neoforge-1.21.1\src\main\java\xyz\immortius\chunkbychunk\common
\blockEntities\WorldForgeBlockEntity.java:48: error: constructor ResourceLocation in class ResourceLocation cannot be 
applied to given types;
    private static final TagKey<Item> STONE_FUEL_TAG = TagKey.create(Registries.ITEM, new 
ResourceLocation("chunkbychunk:worldforgefuel"));
                                                                                      ^
  required: String,String
  found:    String
  reason: actual and formal argument lists differ in length
C:\Users\diamo\.gemini\antigravity\scratch\chunkbychunk-neoforge-1.21.1\src\main\java\xyz\immortius\chunkbychunk\common
\blockEntities\WorldForgeBlockEntity.java:49: error: constructor ResourceLocation in class ResourceLocation cannot be 
applied to given types;
    private static final TagKey<Item> STRONG_FUEL_TAG = TagKey.create(Registries.ITEM, new 
ResourceLocation("chunkbychunk:strongworldforgefuel"));
                                                                                       ^
  required: String,String
  found:    String
  reason: actual and formal argument lists differ in length
C:\Users\diamo\.gemini\antigravity\scratch\chunkbychunk-neoforge-1.21.1\src\main\java\xyz\immortius\chunkbychunk\common
\blockEntities\WorldMenderBlockEntity.java:34: error: WorldMenderBlockEntity is not abstract and does not override 
abstract method setItems(NonNullList<ItemStack>) in BaseContainerBlockEntity
public class WorldMenderBlockEntity extends BaseContainerBlockEntity implements WorldlyContainer, 
StackedContentsCompatible {
       ^
C:\Users\diamo\.gemini\antigravity\scratch\chunkbychunk-neoforge-1.21.1\src\main\java\xyz\immortius\chunkbychunk\common
\blockEntities\WorldMenderBlockEntity.java:229: error: method does not override or implement a method from a supertype
    @Override
    ^
C:\Users\diamo\.gemini\antigravity\scratch\chunkbychunk-neoforge-1.21.1\src\main\java\xyz\immortius\chunkbychunk\common
\blockEntities\WorldMenderBlockEntity.java:231: error: cannot find symbol
        super.load(tag);
             ^
  symbol: method load(CompoundTag)
C:\Users\diamo\.gemini\antigravity\scratch\chunkbychunk-neoforge-1.21.1\src\main\java\xyz\immortius\chunkbychunk\common
\blockEntities\WorldMenderBlockEntity.java:235: error: method loadAllItems in class ContainerHelper cannot be applied 
to given types;
        ContainerHelper.loadAllItems(tag, this.items);
                       ^
  required: CompoundTag,NonNullList<ItemStack>,Provider
  found:    CompoundTag,NonNullList<ItemStack>
  reason: actual and formal argument lists differ in length
C:\Users\diamo\.gemini\antigravity\scratch\chunkbychunk-neoforge-1.21.1\src\main\java\xyz\immortius\chunkbychunk\common
\blockEntities\WorldMenderBlockEntity.java:238: error: method does not override or implement a method from a supertype
    @Override
    ^
C:\Users\diamo\.gemini\antigravity\scratch\chunkbychunk-neoforge-1.21.1\src\main\java\xyz\immortius\chunkbychunk\common
\blockEntities\WorldMenderBlockEntity.java:240: error: method saveAdditional in class BaseContainerBlockEntity cannot 
be applied to given types;
        super.saveAdditional(tag);
             ^
  required: CompoundTag,Provider
  found:    CompoundTag
  reason: actual and formal argument lists differ in length
C:\Users\diamo\.gemini\antigravity\scratch\chunkbychunk-neoforge-1.21.1\src\main\java\xyz\immortius\chunkbychunk\common
\blockEntities\WorldMenderBlockEntity.java:241: error: no suitable method found for 
saveAllItems(CompoundTag,NonNullList<ItemStack>)
        ContainerHelper.saveAllItems(tag, this.items);
                       ^
    method ContainerHelper.saveAllItems(CompoundTag,NonNullList<ItemStack>,Provider) is not applicable
      (actual and formal argument lists differ in length)
    method ContainerHelper.saveAllItems(CompoundTag,NonNullList<ItemStack>,boolean,Provider) is not applicable
      (actual and formal argument lists differ in length)
C:\Users\diamo\.gemini\antigravity\scratch\chunkbychunk-neoforge-1.21.1\src\main\java\xyz\immortius\chunkbychunk\common
\blocks\SpawnChunkBlock.java:45: error: method does not override or implement a method from a supertype
    @Override
    ^
C:\Users\diamo\.gemini\antigravity\scratch\chunkbychunk-neoforge-1.21.1\src\main\java\xyz\immortius\chunkbychunk\common
\blockEntities\WorldScannerBlockEntity.java:41: error: WorldScannerBlockEntity is not abstract and does not override 
abstract method setItems(NonNullList<ItemStack>) in BaseContainerBlockEntity
public class WorldScannerBlockEntity extends BaseFueledBlockEntity {
       ^
C:\Users\diamo\.gemini\antigravity\scratch\chunkbychunk-neoforge-1.21.1\src\main\java\xyz\immortius\chunkbychunk\common
\blockEntities\WorldScannerBlockEntity.java:235: error: cannot find symbol
                MapItemSavedData data = entity.getLevel().getMapData(MapItem.makeKey(entity.map));
                                                                            ^
  symbol:   method makeKey(int)
  location: class MapItem
C:\Users\diamo\.gemini\antigravity\scratch\chunkbychunk-neoforge-1.21.1\src\main\java\xyz\immortius\chunkbychunk\common
\blockEntities\WorldScannerBlockEntity.java:255: error: cannot find symbol
            MapItemSavedData mapitemsaveddata = level.getMapData(MapItem.makeKey(entity.map));
                                                                        ^
  symbol:   method makeKey(int)
  location: class MapItem
C:\Users\diamo\.gemini\antigravity\scratch\chunkbychunk-neoforge-1.21.1\src\main\java\xyz\immortius\chunkbychunk\common
\blockEntities\WorldScannerBlockEntity.java:260: error: incompatible types: int cannot be converted to MapId
                    Packet<?> packet = mapitemsaveddata.getUpdatePacket(entity.map, serverplayer);
                                                                              ^
C:\Users\diamo\.gemini\antigravity\scratch\chunkbychunk-neoforge-1.21.1\src\main\java\xyz\immortius\chunkbychunk\common
\blockEntities\WorldScannerBlockEntity.java:277: error: incompatible types: MapId cannot be converted to int
            map = level.getFreeMapId();
                                    ^
C:\Users\diamo\.gemini\antigravity\scratch\chunkbychunk-neoforge-1.21.1\src\main\java\xyz\immortius\chunkbychunk\common
\blockEntities\WorldScannerBlockEntity.java:278: error: cannot find symbol
            level.setMapData(MapItem.makeKey(map), data);
                                    ^
  symbol:   method makeKey(int)
  location: class MapItem
C:\Users\diamo\.gemini\antigravity\scratch\chunkbychunk-neoforge-1.21.1\src\main\java\xyz\immortius\chunkbychunk\common
\blockEntities\WorldScannerBlockEntity.java:313: error: cannot find symbol
            MapItemSavedData data = getLevel().getMapData(MapItem.makeKey(map));
                                                                 ^
  symbol:   method makeKey(int)
  location: class MapItem
C:\Users\diamo\.gemini\antigravity\scratch\chunkbychunk-neoforge-1.21.1\src\main\java\xyz\immortius\chunkbychunk\common
\blocks\AbstractContainerBlock.java:32: error: method does not override or implement a method from a supertype
    @Override
    ^
C:\Users\diamo\.gemini\antigravity\scratch\chunkbychunk-neoforge-1.21.1\src\main\java\xyz\immortius\chunkbychunk\common
\blocks\BedrockChestBlock.java:52: error: method does not override or implement a method from a supertype
    @Override
    ^
C:\Users\diamo\.gemini\antigravity\scratch\chunkbychunk-neoforge-1.21.1\src\main\java\xyz\immortius\chunkbychunk\common
\data\ScannerData.java:42: error: constructor ResourceLocation in class ResourceLocation cannot be applied to given 
types;
                    Optional<Block> block = BuiltInRegistries.BLOCK.getOptional(new ResourceLocation(x));
                                                                                ^
  required: String,String
  found:    String
  reason: actual and formal argument lists differ in length
C:\Users\diamo\.gemini\antigravity\scratch\chunkbychunk-neoforge-1.21.1\src\main\java\xyz\immortius\chunkbychunk\common
\data\ScannerData.java:56: error: constructor ResourceLocation in class ResourceLocation cannot be applied to given 
types;
                    Optional<Item> item = BuiltInRegistries.ITEM.getOptional(new ResourceLocation(x));
                                                                             ^
  required: String,String
  found:    String
  reason: actual and formal argument lists differ in length
C:\Users\diamo\.gemini\antigravity\scratch\chunkbychunk-neoforge-1.21.1\src\main\java\xyz\immortius\chunkbychunk\common
\data\SkyDimensionData.java:44: error: constructor ResourceLocation in class ResourceLocation cannot be applied to 
given types;
        if (!dimensions.containsKey(new ResourceLocation(dimensionId))) {
                                    ^
  required: String,String
  found:    String
  reason: actual and formal argument lists differ in length
C:\Users\diamo\.gemini\antigravity\scratch\chunkbychunk-neoforge-1.21.1\src\main\java\xyz\immortius\chunkbychunk\common
\data\SkyDimensionData.java:53: error: constructor ResourceLocation in class ResourceLocation cannot be applied to 
given types;
            if (!dimensions.containsKey(new ResourceLocation(dim))) {
                                        ^
  required: String,String
  found:    String
  reason: actual and formal argument lists differ in length
C:\Users\diamo\.gemini\antigravity\scratch\chunkbychunk-neoforge-1.21.1\src\main\java\xyz\immortius\chunkbychunk\common
\data\SkyDimensionData.java:63: error: constructor ResourceLocation in class ResourceLocation cannot be applied to 
given types;
            return new ResourceLocation(dimensionId + "_gen");
                   ^
  required: String,String
  found:    String
  reason: actual and formal argument lists differ in length
C:\Users\diamo\.gemini\antigravity\scratch\chunkbychunk-neoforge-1.21.1\src\main\java\xyz\immortius\chunkbychunk\common
\data\SkyDimensionData.java:65: error: constructor ResourceLocation in class ResourceLocation cannot be applied to 
given types;
            return new ResourceLocation(genDimensionId);
                   ^
  required: String,String
  found:    String
  reason: actual and formal argument lists differ in length
C:\Users\diamo\.gemini\antigravity\scratch\chunkbychunk-neoforge-1.21.1\src\main\java\xyz\immortius\chunkbychunk\server
\world\SkyChunkGenerator.java:159: error: codec() in SkyChunkGenerator cannot override codec() in ChunkGenerator
    protected Codec<? extends ChunkGenerator> codec() {
                                              ^
  return type Codec<? extends ChunkGenerator> is not compatible with MapCodec<? extends ChunkGenerator>
C:\Users\diamo\.gemini\antigravity\scratch\chunkbychunk-neoforge-1.21.1\src\main\java\xyz\immortius\chunkbychunk\server
\world\SkyChunkGenerator.java:158: error: method does not override or implement a method from a supertype
    @Override
    ^
C:\Users\diamo\.gemini\antigravity\scratch\chunkbychunk-neoforge-1.21.1\src\main\java\xyz\immortius\chunkbychunk\server
\world\SkyChunkGenerator.java:163: error: method does not override or implement a method from a supertype
    @Override
    ^
C:\Users\diamo\.gemini\antigravity\scratch\chunkbychunk-neoforge-1.21.1\src\main\java\xyz\immortius\chunkbychunk\server
\world\SkyChunkGenerator.java:166: error: method fillFromNoise in class ChunkGenerator cannot be applied to given 
types;
            case Sealed -> parent.fillFromNoise(executor, blender, randomState, structureManager, 
chunk).whenCompleteAsync((chunkAccess, throwable) -> {
                                 ^
  required: Blender,RandomState,StructureManager,ChunkAccess
  found:    Executor,Blender,RandomState,StructureManager,ChunkAccess
  reason: actual and formal argument lists differ in length
C:\Users\diamo\.gemini\antigravity\scratch\chunkbychunk-neoforge-1.21.1\src\main\java\xyz\immortius\chunkbychunk\server
\world\SkyChunkGenerator.java:207: error: method does not override or implement a method from a supertype
    @Override
    ^
C:\Users\diamo\.gemini\antigravity\scratch\chunkbychunk-neoforge-1.21.1\src\main\java\xyz\immortius\chunkbychunk\server
\world\SkyChunkGenerator.java:210: error: method createBiomes in class ChunkGenerator cannot be applied to given types;
            return parent.createBiomes(executor, randomState, blender, structureManager, chunk);
                         ^
  required: RandomState,Blender,StructureManager,ChunkAccess
  found:    Executor,RandomState,Blender,StructureManager,ChunkAccess
  reason: actual and formal argument lists differ in length
C:\Users\diamo\.gemini\antigravity\scratch\chunkbychunk-neoforge-1.21.1\src\main\java\xyz\immortius\chunkbychunk\common
\jei\CBCJeiPlugin.java:33: error: ResourceLocation(String,String) has private access in ResourceLocation
        return new ResourceLocation(ChunkByChunkConstants.MOD_ID, "jei");
               ^
C:\Users\diamo\.gemini\antigravity\scratch\chunkbychunk-neoforge-1.21.1\src\main\java\xyz\immortius\chunkbychunk\common
\jei\WorldForgeRecipeCategory.java:52: warning: [removal] getBackground() in IRecipeCategory has been deprecated and 
marked for removal
    public IDrawable getBackground() {
                     ^
C:\Users\diamo\.gemini\antigravity\scratch\chunkbychunk-neoforge-1.21.1\src\main\java\xyz\immortius\chunkbychunk\common
\jei\WorldMenderRecipeCategory.java:36: warning: [removal] getBackground() in IRecipeCategory has been deprecated and 
marked for removal
    public IDrawable getBackground() {
                     ^
C:\Users\diamo\.gemini\antigravity\scratch\chunkbychunk-neoforge-1.21.1\src\main\java\xyz\immortius\chunkbychunk\common
\jei\WorldScannerRecipeCategory.java:49: warning: [removal] getBackground() in IRecipeCategory has been deprecated and 
marked for removal
    public IDrawable getBackground() {
                     ^
C:\Users\diamo\.gemini\antigravity\scratch\chunkbychunk-neoforge-1.21.1\src\main\java\xyz\immortius\chunkbychunk\common
\jei\WorldScannerRecipeCategory.java:26: error: constructor ResourceLocation in class ResourceLocation cannot be 
applied to given types;
    private static final ResourceLocation BACKGROUND_TEXTURE = new ResourceLocation(ChunkByChunkConstants.MOD_ID + 
":textures/gui/container/worldscannerjei.png");
                                                               ^
  required: String,String
  found:    String
  reason: actual and formal argument lists differ in length
C:\Users\diamo\.gemini\antigravity\scratch\chunkbychunk-neoforge-1.21.1\src\main\java\xyz\immortius\chunkbychunk\common
\util\ChangeDimensionHelper.java:24: error: incompatible types: ServerLevel cannot be converted to DimensionTransition
        Entity result = entity.changeDimension(level);
                                               ^
C:\Users\diamo\.gemini\antigravity\scratch\chunkbychunk-neoforge-1.21.1\src\main\java\xyz\immortius\chunkbychunk\mixins
\ChunkMapMixin.java:27: error: constructor ChunkStorage in class ChunkStorage cannot be applied to given types;
        super($$0, $$1, $$2);
        ^
  required: RegionStorageInfo,Path,DataFixer,boolean
  found:    Path,DataFixer,boolean
  reason: actual and formal argument lists differ in length
C:\Users\diamo\.gemini\antigravity\scratch\chunkbychunk-neoforge-1.21.1\src\main\java\xyz\immortius\chunkbychunk\neofor
ge\ChunkByChunkClientMod.java:13: error: package ConfigScreenHandler does not exist
        ModLoadingContext.get().registerExtensionPoint(ConfigScreenHandler.ConfigScreenFactory.class, () -> new 
ConfigScreenHandler.ConfigScreenFactory((minecraft, screen) -> new ChunkByChunkConfigScreen(screen)));
                                                                          ^
C:\Users\diamo\.gemini\antigravity\scratch\chunkbychunk-neoforge-1.21.1\src\main\java\xyz\immortius\chunkbychunk\neofor
ge\ChunkByChunkClientMod.java:13: error: package ConfigScreenHandler does not exist
        ModLoadingContext.get().registerExtensionPoint(ConfigScreenHandler.ConfigScreenFactory.class, () -> new 
ConfigScreenHandler.ConfigScreenFactory((minecraft, screen) -> new ChunkByChunkConfigScreen(screen)));
                                                                                                                       
            ^
C:\Users\diamo\.gemini\antigravity\scratch\chunkbychunk-neoforge-1.21.1\src\main\java\xyz\immortius\chunkbychunk\neofor
ge\ChunkByChunkMod.java:90: error: incompatible types: inference variable T has incompatible equality constraints 
Codec<? extends ChunkGenerator>,MapCodec<? extends ChunkGenerator>
    private static final DeferredRegister<Codec<? extends ChunkGenerator>> CHUNK_GENERATORS = 
DeferredRegister.create(BuiltInRegistries.CHUNK_GENERATOR, ChunkByChunkConstants.MOD_ID);
                                                                                                                     ^
  where T is a type-variable:
    T extends Object declared in method <T>create(Registry<T>,String)
C:\Users\diamo\.gemini\antigravity\scratch\chunkbychunk-neoforge-1.21.1\src\main\java\xyz\immortius\chunkbychunk\neofor
ge\ChunkByChunkMod.java:168: error: cannot find symbol
            ChunkByChunkClientMod.registerConfigScreen();
            ^
  symbol:   variable ChunkByChunkClientMod
  location: class ChunkByChunkMod
C:\Users\diamo\.gemini\antigravity\scratch\chunkbychunk-neoforge-1.21.1\src\main\java\xyz\immortius\chunkbychunk\neofor
ge\ChunkByChunkMod.java:169: error: <M,U>register(MenuType<? extends M>,ScreenConstructor<M,U>) has private access in 
MenuScreens
            MenuScreens.register(BEDROCK_CHEST_MENU.get(), BedrockChestScreen::new);
                       ^
  where M,U are type-variables:
    M extends AbstractContainerMenu declared in method <M,U>register(MenuType<? extends M>,ScreenConstructor<M,U>)
    U extends Screen,MenuAccess<M> declared in method <M,U>register(MenuType<? extends M>,ScreenConstructor<M,U>)
C:\Users\diamo\.gemini\antigravity\scratch\chunkbychunk-neoforge-1.21.1\src\main\java\xyz\immortius\chunkbychunk\neofor
ge\ChunkByChunkMod.java:170: error: <M,U>register(MenuType<? extends M>,ScreenConstructor<M,U>) has private access in 
MenuScreens
            MenuScreens.register(WORLD_FORGE_MENU.get(), WorldForgeScreen::new);
                       ^
  where M,U are type-variables:
    M extends AbstractContainerMenu declared in method <M,U>register(MenuType<? extends M>,ScreenConstructor<M,U>)
    U extends Screen,MenuAccess<M> declared in method <M,U>register(MenuType<? extends M>,ScreenConstructor<M,U>)
C:\Users\diamo\.gemini\antigravity\scratch\chunkbychunk-neoforge-1.21.1\src\main\java\xyz\immortius\chunkbychunk\neofor
ge\ChunkByChunkMod.java:171: error: <M,U>register(MenuType<? extends M>,ScreenConstructor<M,U>) has private access in 
MenuScreens
            MenuScreens.register(WORLD_SCANNER_MENU.get(), WorldScannerScreen::new);
                       ^
  where M,U are type-variables:
    M extends AbstractContainerMenu declared in method <M,U>register(MenuType<? extends M>,ScreenConstructor<M,U>)
    U extends Screen,MenuAccess<M> declared in method <M,U>register(MenuType<? extends M>,ScreenConstructor<M,U>)
C:\Users\diamo\.gemini\antigravity\scratch\chunkbychunk-neoforge-1.21.1\src\main\java\xyz\immortius\chunkbychunk\neofor
ge\ChunkByChunkMod.java:172: error: <M,U>register(MenuType<? extends M>,ScreenConstructor<M,U>) has private access in 
MenuScreens
            MenuScreens.register(WORLD_MENDER_MENU.get(), WorldMenderScreen::new);
                       ^
  where M,U are type-variables:
    M extends AbstractContainerMenu declared in method <M,U>register(MenuType<? extends M>,ScreenConstructor<M,U>)
    U extends Screen,MenuAccess<M> declared in method <M,U>register(MenuType<? extends M>,ScreenConstructor<M,U>)
C:\Users\diamo\.gemini\antigravity\scratch\chunkbychunk-neoforge-1.21.1\src\main\java\xyz\immortius\chunkbychunk\neofor
ge\ChunkByChunkMod.java:194: error: cannot find symbol
        final IPayloadRegistrar registrar = event.registrar(ChunkByChunkConstants.MOD_ID).versioned(PROTOCOL_VERSION);
              ^
  symbol:   class IPayloadRegistrar
  location: class ChunkByChunkMod
C:\Users\diamo\.gemini\antigravity\scratch\chunkbychunk-neoforge-1.21.1\src\main\java\xyz\immortius\chunkbychunk\neofor
ge\ForgePlatformHelper.java:33: error: package ChunkByChunkMod does not exist
        return ChunkByChunkMod.SPAWN_CHUNK_BLOCK.get();
                              ^
C:\Users\diamo\.gemini\antigravity\scratch\chunkbychunk-neoforge-1.21.1\src\main\java\xyz\immortius\chunkbychunk\neofor
ge\ForgePlatformHelper.java:38: error: package ChunkByChunkMod does not exist
        return ChunkByChunkMod.UNSTABLE_SPAWN_CHUNK_BLOCK.get();
                              ^
C:\Users\diamo\.gemini\antigravity\scratch\chunkbychunk-neoforge-1.21.1\src\main\java\xyz\immortius\chunkbychunk\neofor
ge\ForgePlatformHelper.java:43: error: package ChunkByChunkMod does not exist
        return ChunkByChunkMod.BEDROCK_CHEST_BLOCK.get();
                              ^
C:\Users\diamo\.gemini\antigravity\scratch\chunkbychunk-neoforge-1.21.1\src\main\java\xyz\immortius\chunkbychunk\neofor
ge\ForgePlatformHelper.java:47: error: package ChunkByChunkMod does not exist
    public Block worldCoreBlock() { return ChunkByChunkMod.WORLD_CORE_BLOCK.get(); }
                                                          ^
C:\Users\diamo\.gemini\antigravity\scratch\chunkbychunk-neoforge-1.21.1\src\main\java\xyz\immortius\chunkbychunk\neofor
ge\ForgePlatformHelper.java:50: error: package ChunkByChunkMod does not exist
    public Block worldForgeBlock() { return ChunkByChunkMod.WORLD_FORGE_BLOCK.get(); }
                                                           ^
C:\Users\diamo\.gemini\antigravity\scratch\chunkbychunk-neoforge-1.21.1\src\main\java\xyz\immortius\chunkbychunk\neofor
ge\ForgePlatformHelper.java:53: error: package ChunkByChunkMod does not exist
    public Block worldScannerBlock() { return ChunkByChunkMod.WORLD_SCANNER_BLOCK.get(); }
                                                             ^
C:\Users\diamo\.gemini\antigravity\scratch\chunkbychunk-neoforge-1.21.1\src\main\java\xyz\immortius\chunkbychunk\neofor
ge\ForgePlatformHelper.java:58: error: package ChunkByChunkMod does not exist
        return ChunkByChunkMod.SPAWN_CHUNK_BLOCK_ITEM.get();
                              ^
C:\Users\diamo\.gemini\antigravity\scratch\chunkbychunk-neoforge-1.21.1\src\main\java\xyz\immortius\chunkbychunk\neofor
ge\ForgePlatformHelper.java:63: error: package ChunkByChunkMod does not exist
        return ChunkByChunkMod.UNSTABLE_SPAWN_CHUNK_BLOCK_ITEM.get();
                              ^
C:\Users\diamo\.gemini\antigravity\scratch\chunkbychunk-neoforge-1.21.1\src\main\java\xyz\immortius\chunkbychunk\neofor
ge\ForgePlatformHelper.java:68: error: package ChunkByChunkMod does not exist
        return ChunkByChunkMod.BEDROCK_CHEST_ITEM.get();
                              ^
C:\Users\diamo\.gemini\antigravity\scratch\chunkbychunk-neoforge-1.21.1\src\main\java\xyz\immortius\chunkbychunk\neofor
ge\ForgePlatformHelper.java:72: error: package ChunkByChunkMod does not exist
    public Item worldCoreBlockItem() { return ChunkByChunkMod.WORLD_CORE_BLOCK_ITEM.get(); }
                                                             ^
C:\Users\diamo\.gemini\antigravity\scratch\chunkbychunk-neoforge-1.21.1\src\main\java\xyz\immortius\chunkbychunk\neofor
ge\ForgePlatformHelper.java:75: error: package ChunkByChunkMod does not exist
    public Item worldForgeBlockItem() { return ChunkByChunkMod.WORLD_FORGE_BLOCK_ITEM.get(); }
                                                              ^
C:\Users\diamo\.gemini\antigravity\scratch\chunkbychunk-neoforge-1.21.1\src\main\java\xyz\immortius\chunkbychunk\neofor
ge\ForgePlatformHelper.java:78: error: package ChunkByChunkMod does not exist
    public Item worldScannerBlockItem() { return ChunkByChunkMod.WORLD_SCANNER_BLOCK_ITEM.get(); }
                                                                ^
C:\Users\diamo\.gemini\antigravity\scratch\chunkbychunk-neoforge-1.21.1\src\main\java\xyz\immortius\chunkbychunk\neofor
ge\ForgePlatformHelper.java:81: error: package ChunkByChunkMod does not exist
    public Item worldMenderBlockItem() { return ChunkByChunkMod.WORLD_MENDER_BLOCK_ITEM.get(); }
                                                               ^
C:\Users\diamo\.gemini\antigravity\scratch\chunkbychunk-neoforge-1.21.1\src\main\java\xyz\immortius\chunkbychunk\neofor
ge\ForgePlatformHelper.java:85: error: package ChunkByChunkMod does not exist
    public Item worldFragmentItem() { return ChunkByChunkMod.WORLD_FRAGMENT_ITEM.get(); }
                                                            ^
C:\Users\diamo\.gemini\antigravity\scratch\chunkbychunk-neoforge-1.21.1\src\main\java\xyz\immortius\chunkbychunk\neofor
ge\ForgePlatformHelper.java:88: error: package ChunkByChunkMod does not exist
    public Item worldShardItem() { return ChunkByChunkMod.WORLD_SHARD_ITEM.get(); }
                                                         ^
C:\Users\diamo\.gemini\antigravity\scratch\chunkbychunk-neoforge-1.21.1\src\main\java\xyz\immortius\chunkbychunk\neofor
ge\ForgePlatformHelper.java:91: error: package ChunkByChunkMod does not exist
    public Item worldCrystalItem() { return ChunkByChunkMod.WORLD_CRYSTAL_ITEM.get(); }
                                                           ^
C:\Users\diamo\.gemini\antigravity\scratch\chunkbychunk-neoforge-1.21.1\src\main\java\xyz\immortius\chunkbychunk\neofor
ge\ForgePlatformHelper.java:95: error: package ChunkByChunkMod does not exist
        return ChunkByChunkMod.THEMED_SPAWN_CHUNK_ITEMS.stream().map(Supplier::get).toList();
                              ^
C:\Users\diamo\.gemini\antigravity\scratch\chunkbychunk-neoforge-1.21.1\src\main\java\xyz\immortius\chunkbychunk\neofor
ge\ForgePlatformHelper.java:101: error: package ChunkByChunkMod does not exist
        return (BlockEntityType<BedrockChestBlockEntity>) ChunkByChunkMod.BEDROCK_CHEST_BLOCK_ENTITY.get();
                                                                         ^
C:\Users\diamo\.gemini\antigravity\scratch\chunkbychunk-neoforge-1.21.1\src\main\java\xyz\immortius\chunkbychunk\neofor
ge\ForgePlatformHelper.java:106: error: package ChunkByChunkMod does not exist
        return (BlockEntityType<WorldForgeBlockEntity>) ChunkByChunkMod.WORLD_FORGE_BLOCK_ENTITY.get();
                                                                       ^
C:\Users\diamo\.gemini\antigravity\scratch\chunkbychunk-neoforge-1.21.1\src\main\java\xyz\immortius\chunkbychunk\neofor
ge\ForgePlatformHelper.java:111: error: package ChunkByChunkMod does not exist
        return (BlockEntityType<WorldScannerBlockEntity>) ChunkByChunkMod.WORLD_SCANNER_BLOCK_ENTITY.get();
                                                                         ^
Note: C:\Users\diamo\.gemini\antigravity\scratch\chunkbychunk-neoforge-1.21.1\src\main\java\xyz\immortius\chunkbychunk\
neoforge\ChunkByChunkMod.java uses or overrides a deprecated API.
Note: Recompile with -Xlint:deprecation for details.
Note: Some messages have been simplified; recompile with -Xdiags:verbose to get full output

> Task :compileJava FAILED
100 errors
3 warnings

FAILURE: Build failed with an exception.

* What went wrong:
Execution failed for task ':compileJava'.
> Compilation failed; see the compiler error output for details.

* Try:
> Run with --info option to get more log output.
> Run with --scan to get full insights.

BUILD FAILED in 17s
2 actionable tasks: 1 executed, 1 up-to-date
